---
source: src/event_store.rs
assertion_line: 139
expression: wembley_events_as_json

---
"[{\"date\":\"19 Jun 2022\",\"time\":\"Sun, Jun 19\",\"place\":\"Club Wembley\",\"title\":\"Harry Styles\",\"description\":\"Multi-platinum recording artist Harry Styles announces the rescheduled dates for his world tour, in addition to new shows added across the globe. Styles will kick off his colossal 32-city outing...\"},{\"date\":\"12 Jun 2022\",\"time\":\"Sun, 2 PM\",\"place\":\"Wembley Stadium\",\"title\":\"David Guetta @ Wembley Stadium\",\"description\":\"Capital's Summertime Ball\"},{\"date\":\"5 Jun 2022\",\"time\":\"Tomorrow, 1 – 10 PM\",\"place\":\"BOXPARK Wembley\",\"title\":\"Soulful Sundays\",\"description\":\"Join BOXPARK Wembley and their resident DJ's for all things soulful\"},{\"date\":\"29 Jun 2022\",\"time\":\"Wed, 4:30 – 8:30 PM\",\"place\":\"Wembley Stadium\",\"title\":\"Ed Sheeran @ Wembley Stadium\",\"description\":\"span Ed Sheeran has announced the first leg of his ‘+ - = ÷ x Tour’ (pronounced ‘The Mathematics Tour’) , taking place in stadiums throughout 2022. Kicking off in April next year, the tour will...\"},{\"date\":\"25 Jun 2022\",\"time\":\"Sat, 5 – 9 PM\",\"place\":\"Wembley Stadium\",\"title\":\"Dylan @ Wembley Stadium\",\"description\":\"span Ed Sheeran has announced the first leg of his ‘+ - = ÷ x Tour’ (pronounced ‘The Mathematics Tour’) , taking place in stadiums throughout 2022. Kicking off in April next year, the tour will...\"},{\"date\":\"16 Aug 2022\",\"time\":\"Tue, 5 – 9 PM\",\"place\":\"Wembley Stadium\",\"title\":\"Coldplay @ Wembley Stadium\",\"description\":\"Global super pop rock band Coldplay will be hitting the road on tour in 2022 and will be performing live on stage in their Music of the Spheres World Tour ! This particular live concert is...\"},{\"date\":\"24 Jun 2022\",\"time\":\"Fri, 5 – 9 PM\",\"place\":\"Wembley Stadium\",\"title\":\"Ed Sheeran + - = ÷ x Tour\",\"description\":\"Ed Sheeran Seated Ticket & Hotel Experience This Experience Includes: • Reserved Seated Ticket (Block 104 or 141) Tickets seated together • One night hotel stay including complimentary breakfast •...\"},{\"date\":\"20 Aug 2022\",\"time\":\"Sat, 5 – 9 PM\",\"place\":\"Wembley Stadium\",\"title\":\"Coldplay: Music of the Spheres World Tour\",\"description\":\"Global super pop rock band Coldplay will be hitting the road on tour in 2022 and will be performing live on stage in their Music of the Spheres World Tour ! This particular live concert is...\"},{\"date\":\"26 Jun 2022\",\"time\":\"Sun, 7 – 9 PM\",\"place\":\"OVO Arena\",\"title\":\"Jubin Nautiyal - RESCHEDULED\",\"description\":\"Jubin Nautiyal at OVO Arena Wembley in Wembley Park\"},{\"date\":\"10 Jun 2022\",\"time\":\"Fri, 7:30 – 11:00 PM\",\"place\":\"The SSE Arena, Wembley\",\"title\":\"50 Cent\",\"description\":\"SJM Concerts 50 CENT FRI, 10 JUN 2022 at 07:30PM BST Doors Open: 06:00PM OnSale: Fri, 28 Jan 2022 at 09:30AM GMT Announcement: Wed, 26 Jan 2022 at 10:00AM GMT Hip Hop heavyweight 50 Cent, has...\"}]"
