---
source: src/serpapi.rs
assertion_line: 62
expression: wembley_events

---
WembleyEvents {
    events: {},
}
