---
source: src/event_store.rs
expression: calendar_built_from_events

---
Calendar {
    properties: [],
    components: [],
}
